Connected to DB
Scrapper: {
  id: new ObjectId('69d2679f5ff997ca1b6530dc'),
  phone: '9000000000',
  type: 'feri_wala',
  dealCategories: [],
  services: [ 'scrap_pickup' ]
}
User: { id: new ObjectId('69d267525ff997ca1b65309c'), phone: '6268455485' }
Latest Orders by User: [
  {
    "id": "69d268655ff997ca1b653351",
    "status": "pending",
    "assignmentStatus": "unassigned",
    "quantityType": "small",
    "targetedScrappers": [],
    "categories": [
      "plastic"
    ],
    "createdAt": "2026-04-05T13:49:25.404Z"
  }
]
Targeted orders for exactly this scrapper: 0
Recent public matches: [
  {
    "id": "69d268655ff997ca1b653351",
    "qty": "small",
    "cats": [
      "plastic"
    ]
  },
  {
    "id": "69d0e2fa90ff03a065989d4b",
    "qty": "small",
    "cats": [
      "plastic"
    ]
  },
  {
    "id": "69cb8817a30271c88d7c5fe6",
    "qty": "large",
    "cats": [
      "metal"
    ]
  },
  {
    "id": "69cb83971e8dd50c304b290b",
    "qty": "large",
    "cats": [
      "metal"
    ]
  },
  {
    "id": "69cb7d801bf9e0012e7c3b61",
    "qty": "large",
    "cats": [
      "metal"
    ]
  }
]
